EN pic24 NULL C:/Users/student_dcti/Desktop/PROIECT/Proiect_I/PIC24/PIC24.vhf sub00/vhpl06 1767661056
AR file_regs behavioral C:/Users/student_dcti/Desktop/PROIECT/Proiect_I/PIC24/File_Regs.vhd sub00/vhpl11 1767661053
AR alu behavioral C:/Users/student_dcti/Desktop/PROIECT/Proiect_I/PIC24/ALU.vhd sub00/vhpl13 1767661043
EN datamem NULL C:/Users/student_dcti/Desktop/PROIECT/Proiect_I/PIC24/DataMem.vhd sub00/vhpl14 1767661046
AR mux2v16 behavioral C:/Users/student_dcti/Desktop/PROIECT/Proiect_I/PIC24/MUX2V16.vhd sub00/vhpl19 1767661039
EN file_regs NULL C:/Users/student_dcti/Desktop/PROIECT/Proiect_I/PIC24/File_Regs.vhd sub00/vhpl10 1767661052
EN mux2v5 NULL C:/Users/student_dcti/Desktop/PROIECT/Proiect_I/PIC24/MUX2V5.vhd sub00/vhpl08 1767661040
EN rom32x24 NULL C:/Users/student_dcti/Desktop/PROIECT/Proiect_I/PIC24/ROM32x24_ZE.vhd sub00/vhpl04 1767661054
AR pic24 behavioral C:/Users/student_dcti/Desktop/PROIECT/Proiect_I/PIC24/PIC24.vhf sub00/vhpl07 1767661057
EN pc_update NULL C:/Users/student_dcti/Desktop/PROIECT/Proiect_I/PIC24/PC_Update.vhd sub00/vhpl00 1767661048
AR ctrl behavioral C:/Users/student_dcti/Desktop/PROIECT/Proiect_I/PIC24/ctrl.vhd sub00/vhpl17 1767661045
EN progcnt NULL C:/Users/student_dcti/Desktop/PROIECT/Proiect_I/PIC24/ProgCnt.vhd sub00/vhpl01 1767661050
EN ctrl NULL C:/Users/student_dcti/Desktop/PROIECT/Proiect_I/PIC24/ctrl.vhd sub00/vhpl16 1767661044
AR rom32x24 behavioral C:/Users/student_dcti/Desktop/PROIECT/Proiect_I/PIC24/ROM32x24_ZE.vhd sub00/vhpl05 1767661055
AR progcnt behavioral C:/Users/student_dcti/Desktop/PROIECT/Proiect_I/PIC24/ProgCnt.vhd sub00/vhpl02 1767661051
EN mux2v16 NULL C:/Users/student_dcti/Desktop/PROIECT/Proiect_I/PIC24/MUX2V16.vhd sub00/vhpl18 1767661038
AR datamem behavioral C:/Users/student_dcti/Desktop/PROIECT/Proiect_I/PIC24/DataMem.vhd sub00/vhpl15 1767661047
AR mux2v5 behavioral C:/Users/student_dcti/Desktop/PROIECT/Proiect_I/PIC24/MUX2V5.vhd sub00/vhpl09 1767661041
AR pc_update behavioral C:/Users/student_dcti/Desktop/PROIECT/Proiect_I/PIC24/PC_Update.vhd sub00/vhpl03 1767661049
EN alu NULL C:/Users/student_dcti/Desktop/PROIECT/Proiect_I/PIC24/ALU.vhd sub00/vhpl12 1767661042
